// Jest Snapshot v1, https://goo.gl/fbAQLP

exports[`should render EditExpensePage correctly 1`] = `
<div>
  <div
    className="page-header"
  >
    <div
      className="content-container"
    >
      <h1
        className="page-header__title"
      >
        Edit Expense
      </h1>
    </div>
  </div>
  <div
    className="content-container"
  >
    <ExpenseForm
      expense={
        Object {
          "amount": 4500,
          "createdAt": 345600000,
          "description": "credit card",
          "id": "3",
          "note": "",
        }
      }
      onSubmit={[Function]}
    />
    <button
      className="button button--secondary removeButton"
      onClick={[Function]}
    >
      Remove
    </button>
  </div>
  <Modal
    ariaHideApp={true}
    bodyOpenClassName="ReactModal__Body--open"
    closeTimeoutMS={0}
    contentLabel="Are you sure you want to delete?"
    isOpen={false}
    onRequestClose={[Function]}
    parentSelector={[Function]}
    portalClassName="ReactModalPortal"
    shouldCloseOnEsc={true}
    shouldCloseOnOverlayClick={true}
    shouldFocusAfterRender={true}
    shouldReturnFocusAfterClose={true}
    style={
      Object {
        "content": Object {
          "bottom": "auto",
          "left": "50%",
          "marginRight": "-50%",
          "right": "auto",
          "top": "50%",
          "transform": "translate(-50%, -50%)",
        },
      }
    }
  >
    <h3>
      Are you sure you want to delete?
    </h3>
    <button
      className="yes"
      onClick={[Function]}
    >
      yes
    </button>
    <button
      className="no"
      onClick={[Function]}
    >
      no
    </button>
  </Modal>
</div>
`;
